2021-11-29 10:39:25,461 - test.py[line:15] - INFO: info 信息
2021-11-29 11:02:40,249 - test.py[line:17] - INFO: info 信息
